[2026-09-09 15:42:22.895576061] Starting Region A health monitor (interval=3s, threshold=3)
[2026-09-09 15:46:19.971748211] Region A health check FAILED (1/3)
[2026-09-09 15:46:25.167751749] Region A health check FAILED (2/3)
[2026-09-09 15:46:28.216911269] Region A health check FAILED (3/3)
[2026-09-09 15:46:28.226149034] === FAILOVER TRIGGERED: Region A confirmed down after 3 consecutive failed checks ===
[2026-09-09 15:46:28.244617228] Detection complete. Beginning promotion of Region B.
[2026-09-09 15:46:28.343690581] Region B current leader: patroni-b1
[2026-09-09 15:46:28.352229223] Disabling subscription dr_sub on patroni-b1 (stop pulling from Region A)...
ALTER SUBSCRIPTION
[2026-09-09 15:46:28.458246936] Region B (patroni-b1) is now standalone-authoritative primary.
[2026-09-09 15:46:30.489343489] HAProxy confirmed routing writes to: patroni-b1
[2026-09-09 15:46:30.502645824] === FAILOVER COMPLETE. RTO (detection-confirmed to traffic-routed): 2.246222475s ===
[2026-09-09 15:46:30.512487124] Log file: /home/sonu/multi-region-dr/logs/failover-20260909-154222.log
[2026-09-09 15:46:30.524077877] Monitor will keep running to detect Region A recovery (for failback).
[2026-09-09 15:46:33.581700630] Region A health check FAILED (4/3)
[2026-09-09 15:46:36.638835427] Region A health check FAILED (5/3)
[2026-09-09 15:46:39.696894481] Region A health check FAILED (6/3)
[2026-09-09 15:46:42.749676821] Region A health check FAILED (7/3)
[2026-09-09 15:46:45.803670851] Region A health check FAILED (8/3)
[2026-09-09 15:46:48.867681771] Region A health check FAILED (9/3)
[2026-09-09 15:46:51.907709091] Region A health check FAILED (10/3)
[2026-09-09 15:46:54.977778884] Region A health check FAILED (11/3)
[2026-09-09 15:46:58.31028211] Region A health check FAILED (12/3)
[2026-09-09 15:47:01.91605605] Region A health check FAILED (13/3)
[2026-09-09 15:47:04.151890417] Region A health check FAILED (14/3)
[2026-09-09 15:47:07.216375074] Region A health check FAILED (15/3)
[2026-09-09 15:47:10.276921086] Region A health check FAILED (16/3)
[2026-09-09 15:47:13.326877580] Region A health check FAILED (17/3)
[2026-09-09 15:47:16.392534224] Region A health check FAILED (18/3)
[2026-09-09 15:47:19.461483068] Region A health check FAILED (19/3)
[2026-09-09 15:47:22.523150910] Region A health check FAILED (20/3)
[2026-09-09 15:47:25.590123198] Region A health check FAILED (21/3)
[2026-09-09 15:47:28.653043609] Region A health check FAILED (22/3)
[2026-09-09 15:47:31.713298930] Region A health check FAILED (23/3)
[2026-09-09 15:47:34.777032331] Region A health check FAILED (24/3)
[2026-09-09 15:47:37.834974527] Region A health check FAILED (25/3)
[2026-09-09 15:47:40.886310873] Region A health check FAILED (26/3)
[2026-09-09 15:47:43.944064286] Region A health check FAILED (27/3)
[2026-09-09 15:47:47.5948038] Region A health check FAILED (28/3)
[2026-09-09 15:47:50.63265807] Region A health check FAILED (29/3)
[2026-09-09 15:47:53.117336607] Region A health check FAILED (30/3)
[2026-09-09 15:47:56.169679310] Region A health check FAILED (31/3)
[2026-09-09 15:47:59.230559134] Region A health check FAILED (32/3)
[2026-09-09 15:48:02.291909236] Region A health check FAILED (33/3)
[2026-09-09 15:48:05.344701875] Region A health check FAILED (34/3)
[2026-09-09 15:48:08.403536702] Region A health check FAILED (35/3)
[2026-09-09 15:48:11.466346757] Region A health check FAILED (36/3)
[2026-09-09 15:48:14.524043496] Region A health check FAILED (37/3)
[2026-09-09 15:48:17.690296249] Region A recovered (was failing). Resetting failure count.
[2026-09-09 16:01:22.406512378] Region A health check FAILED (1/3)
[2026-09-09 16:01:26.920810227] Region A health check FAILED (2/3)
[2026-09-09 16:01:30.74111933] Region A recovered (was failing). Resetting failure count.
[2026-09-09 16:03:46.90871661] Region A health check FAILED (1/3)
[2026-09-09 16:03:49.256440650] Region A recovered (was failing). Resetting failure count.
[2026-09-09 16:10:26.561502102] Region A health check FAILED (1/3)
[2026-09-09 16:10:29.703343962] Region A health check FAILED (2/3)
[2026-09-09 16:10:32.869732610] Region A recovered (was failing). Resetting failure count.
